class Test {
	prop1 = /* leading */ 1;

	prop2 = 2; // test

	prop3 = 3; // test

	prop4 = 4; // test

	prop5 = 5; // test // a

	prop6 =
		/* leading */
		6; // c

	prop7 =
		/* leading */
		7; // c

	prop8 /* comment */ = 8;

	prop9: string = 3; // 1 // 2

	prop10: any = // 1 // 2
		{ object: 3 };
}
