const a = 1; // test

const b =
	/* leading */
	2;

const c =
	/* leading */
	3;

const d: string = 4; // 1 // 2

const e: string =
	// 1
	// 2
	{ object: 5 };
