@dec1
@dec2
@dec3
@dec4
export default class Foo {}
